
> healthybazar@0.0.0 build:ssr
> ng build --configuration production --ssr

node.exe : - Building...
At line:1 char:1
+ & "C:\Program Files\nodejs/node.exe" "C:\Program Files\nodejs/node_mo ...
+ ~~~~~~~~~~~~~~~~~~~~~~~~~~~~~~~~~~~~~~~~~~~~~~~~~~~~~~~~~~~~~~~~~~~~~
    + CategoryInfo          : NotSpecified: (- Building...:String) [], RemoteE 
   xception
    + FullyQualifiedErrorId : NativeCommandError
 

Browser bundles        
Initial chunk files     | Names                            |  Raw size | Estimated transfer size
chunk-5KDOHNQL.js       | -                                | 505.26 kB |               148.19 kB
styles-XEQY2BUL.css     | styles                           | 311.92 kB |                31.90 kB
main-ARKEB6A6.js        | main                             | 299.01 kB |                61.22 kB
chunk-QW5V6CYG.js       | -                                | 214.53 kB |                64.42 kB
chunk-KT6FCJB2.js       | -                                | 173.98 kB |                42.52 kB
chunk-RCPXPSQ5.js       | -                                | 164.90 kB |                48.60 kB
chunk-DWMWTQJK.js       | -                                |  95.23 kB |                18.13 kB
chunk-2LETSMQI.js       | -                                |  81.02 kB |                23.40 kB
chunk-T3TEPPQ6.js       | -                                |  74.43 kB |                18.42 kB
chunk-57ZGD2KL.js       | -                                |  65.06 kB |                13.72 kB
chunk-BE3R2DWI.js       | -                                |  61.73 kB |                16.43 kB
chunk-WDKEYIUE.js       | -                                |  59.49 kB |                17.41 kB
chunk-ITF3LFAI.js       | -                                |  47.69 kB |                 9.11 kB
chunk-DDFHKXTT.js       | -                                |  45.95 kB |                11.90 kB
chunk-MSMGRQ62.js       | -                                |  41.84 kB |                 8.86 kB
chunk-NKTEW3TW.js       | -                                |  39.46 kB |                10.85 kB
chunk-22JO7HXC.js       | -                                |  36.82 kB |                10.76 kB
chunk-YFDZOBKK.js       | -                                |  35.59 kB |                 7.65 kB
polyfills-4R6E2C5Q.js   | polyfills                        |  34.59 kB |                11.28 kB
chunk-TSFTRCB5.js       | -                                |  19.26 kB |                 4.14 kB
chunk-XJFB7T2V.js       | -                                |  14.63 kB |                 2.00 kB
chunk-7BX5I3YK.js       | -                                |  11.33 kB |                 2.85 kB
chunk-URSXQ6KA.js       | -                                |  10.93 kB |                 3.03 kB
chunk-BXLNLB64.js       | -                                |   7.46 kB |                 2.07 kB
chunk-N2WPULK6.js       | -                                |   5.93 kB |                 1.69 kB
chunk-PM4VB62J.js       | -                                |   4.91 kB |                 1.52 kB
chunk-6HTNJXGM.js       | -                                |   4.90 kB |                 1.44 kB
chunk-RGNDWIHZ.js       | -                                |   4.22 kB |                 1.05 kB
chunk-XB6RYG4A.js       | -                                |   3.15 kB |                 1.09 kB
chunk-B24I3WJ4.js       | -                                |   2.04 kB |               893 bytes
chunk-3IG3F5IM.js       | -                                |   1.99 kB |               767 bytes
chunk-LS6L4SOF.js       | -                                |   1.84 kB |               648 bytes
chunk-AJSYJ2HM.js       | -                                |   1.39 kB |               526 bytes
chunk-KPI75XZM.js       | -                                |   1.38 kB |               591 bytes
chunk-QRRIK2M7.js       | -                                |   1.33 kB |               686 bytes
chunk-JJK5N6FH.js       | -                                |   1.12 kB |               428 bytes
chunk-POWGK52D.js       | -                                |   1.12 kB |               537 bytes
chunk-LGBIBKAC.js       | -                                | 934 bytes |               934 bytes
chunk-UMBWVZJU.js       | -                                | 765 bytes |               765 bytes
chunk-OZGPFVFF.js       | -                                | 322 bytes |               322 bytes

                        | Initial total                    |   2.43 MB |               602.57 kB

Lazy chunk files        | Names                            |  Raw size | Estimated transfer size
chunk-LT56SSBX.js       | -                                | 447.52 kB |                22.31 kB
chunk-4TP6P7LN.js       | -                                |  77.05 kB |                15.50 kB
chunk-WFPLQTSF.js       | terms-component                  |  50.29 kB |                13.38 kB
chunk-6PVFZKJX.js       | assessment-form-component        |  40.24 kB |                 8.55 kB
chunk-NDH237UN.js       | faq-component                    |  39.33 kB |                10.39 kB
chunk-5CUJC25C.js       | consult-us-details-component     |  37.10 kB |                 6.13 kB
chunk-OVU4MZCC.js       | consult-us-categories-component  |  35.76 kB |                 8.11 kB
chunk-EGVXW25H.js       | appointment-detail-component     |  32.59 kB |                 8.10 kB
chunk-OFTIIJPM.js       | -                                |  31.79 kB |                 6.77 kB
chunk-NXROPLXU.js       | add-consultant-component         |  28.71 kB |                 7.52 kB
chunk-CIVTQNEM.js       | brand-category-detail-component  |  27.96 kB |                 6.31 kB
chunk-2SIP4FUC.js       | herbs-component                  |  27.84 kB |                 7.11 kB
chunk-FJT2JYII.js       | products-listing-component       |  27.75 kB |                 7.00 kB
chunk-C5OBLVLH.js       | lifestyle-categories-component   |  26.37 kB |                 5.73 kB
chunk-OA2HZ2EN.js       | health-package-details-component |  25.00 kB |                 4.26 kB
...and 28 more lazy chunks files. Use "--verbose" to show all the files.


Server bundles         
Initial chunk files     | Names                            |  Raw size
chunk-Y3FJFQ6P.mjs      | -                                | 505.35 kB |                        
main.server.mjs         | main.server                      | 298.57 kB |                        
polyfills.server.mjs    | polyfills.server                 | 263.19 kB |                        
chunk-4UBWVROH.mjs      | -                                | 238.64 kB |                        
chunk-L6R7HJBV.mjs      | -                                | 214.60 kB |                        
chunk-XOFFP6IL.mjs      | -                                | 176.95 kB |                        
chunk-5SFPMOSS.mjs      | -                                | 174.01 kB |                        
chunk-7KWU3GTS.mjs      | -                                |  95.31 kB |                        
chunk-A65SNRQG.mjs      | -                                |  81.07 kB |                        
chunk-6LZUT47B.mjs      | -                                |  74.49 kB |                        
chunk-V5XSYAUD.mjs      | -                                |  65.13 kB |                        
chunk-5M6UUIIA.mjs      | -                                |  61.80 kB |                        
chunk-ZIWL5B7C.mjs      | -                                |  59.53 kB |                        
chunk-GKVFUHFN.mjs      | -                                |  47.75 kB |                        
chunk-TVIWYDMP.mjs      | -                                |  46.01 kB |                        
chunk-C5AOUESH.mjs      | -                                |  41.88 kB |                        
chunk-WLGKA53D.mjs      | -                                |  39.51 kB |                        
chunk-6NIODZ54.mjs      | -                                |  36.92 kB |                        
chunk-RAHVVMRS.mjs      | -                                |  35.66 kB |                        
chunk-SQWO427F.mjs      | -                                |  19.32 kB |                        
chunk-FPO6FVBP.mjs      | -                                |  14.70 kB |                        
chunk-MPMOM2XH.mjs      | -                                |  11.36 kB |                        
chunk-VYKKEFUD.mjs      | -                                |  10.97 kB |                        
chunk-VZNE7IYX.mjs      | -                                |   7.50 kB |                        
chunk-CCB4TS2C.mjs      | -                                |   5.96 kB |                        
chunk-E7EFN3AD.mjs      | -                                |   4.97 kB |                        
chunk-4FKYUNAH.mjs      | -                                |   4.94 kB |                        
chunk-LT3NTGD6.mjs      | -                                |   4.25 kB |                        
chunk-TDSRZYLZ.mjs      | -                                |   3.22 kB |                        
chunk-X4F57WVO.mjs      | -                                |   2.07 kB |                        
chunk-TD4OMWOG.mjs      | -                                |   2.03 kB |                        
chunk-4EGVBZVV.mjs      | -                                |   1.87 kB |                        
chunk-E2BLHLQE.mjs      | -                                |   1.53 kB |                        
chunk-GZF4M64B.mjs      | -                                |   1.42 kB |                        
chunk-4NBHJQTK.mjs      | -                                |   1.42 kB |                        
chunk-U5TY2W6T.mjs      | -                                |   1.36 kB |                        
chunk-KRQOEHIX.mjs      | -                                |   1.15 kB |                        
chunk-2Q3BRHF3.mjs      | -                                |   1.15 kB |                        
chunk-CPNFG6GS.mjs      | -                                | 967 bytes |                        
chunk-6MA2OV2N.mjs      | -                                | 801 bytes |                        
render-utils.server.mjs | render-utils.server              | 370 bytes |                        
chunk-KWE3B4LG.mjs      | -                                | 355 bytes |                        

Lazy chunk files        | Names                            |  Raw size
chunk-EORU2R4A.mjs      | -                                | 447.56 kB |                        
chunk-I6JUYL6P.mjs      | -                                |  77.12 kB |                        
chunk-6UPK7J4N.mjs      | terms-component                  |  50.35 kB |                        
chunk-FJH22UFX.mjs      | assessment-form-component        |  40.32 kB |                        
chunk-LITB4RHW.mjs      | faq-component                    |  39.41 kB |                        
chunk-GXLDRBWI.mjs      | consult-us-details-component     |  37.19 kB |                        
chunk-PWHX3BEU.mjs      | consult-us-categories-component  |  35.85 kB |                        
chunk-OT6LKTTP.mjs      | appointment-detail-component     |  32.67 kB |                        
chunk-NW2YDTD7.mjs      | -                                |  31.83 kB |                        
chunk-RZWELFWF.mjs      | add-consultant-component         |  28.80 kB |                        
chunk-NLVH3SLH.mjs      | brand-category-detail-component  |  28.06 kB |                        
chunk-XEB4LEJX.mjs      | herbs-component                  |  27.94 kB |                        
chunk-2EHUE77B.mjs      | products-listing-component       |  27.84 kB |                        
chunk-LLVZJC53.mjs      | lifestyle-categories-component   |  26.46 kB |                        
chunk-7RNODGGE.mjs      | health-package-details-component |  25.07 kB |                        
...and 29 more lazy chunks files. Use "--verbose" to show all the files.

Output location: C:\Users\HP\kush\Healthybazzar-kds\dist\healthybazar

Application bundle generation complete. [52.380 seconds]
Γû▓ [WARNING] bundle initial exceeded maximum budget. Budget 300.00 kB was not 
met by 2.14 MB with a total of 2.43 MB.


Γû▓ [WARNING] src/app/shared/components/cart/cart.component.scss exceeded 
maximum budget. Budget 32.00 kB was not met by 14.29 kB with a total of 46.29 
kB.


Γû▓ [WARNING] Module 'crypto-js' used by 'src/app/services/cart.service.ts' is 
not ESM

  CommonJS or AMD dependencies can cause optimization bailouts.
  For more information see: 
https://angular.io/guide/build#configuring-commonjs-dependencies



Γû▓ [WARNING] Module 'moment' used by 'src/app/util/date.util.ts' is not ESM

  CommonJS or AMD dependencies can cause optimization bailouts.
  For more information see: 
https://angular.io/guide/build#configuring-commonjs-dependencies


Γû▓ [WARNING] 1 rules skipped due to selector errors:
  .form-floating>~label -> Did not expect successive traversals.


